Total lessons for course 5: 17
Completed lessons for user 2, course 5: 11
Calculated course progress for user 2, course 5: 64.705882352941%
Updating enrollment: Array
(
    [user_id] => 2
    [course_id] => 5
    [enrollment_date] => 2025-04-11 16:57:37
    [status] => in-progress
    [progress] => 65
)

Enrollment updated successfully for user_id: 2, course_id: 5
Received data: Array
(
    [user_id] => 2
    [lesson_id] => 12
    [progress] => 99.774993477388
    [completed] => 1
)

Received data: Array
(
    [user_id] => 2
    [lesson_id] => 12
    [progress] => 99.774993477388
    [completed] => 1
)

Progress updated successfully for user_id: 2, lesson_id: 12
Progress updated successfully for user_id: 2, lesson_id: 12
Received data: Array
(
    [user_id] => 2
    [lesson_id] => 12
    [progress] => 100
    [completed] => 1
)

Received data: Array
(
    [user_id] => 2
    [lesson_id] => 12
    [progress] => 100
    [completed] => 1
)

Progress updated successfully for user_id: 2, lesson_id: 12
Progress updated successfully for user_id: 2, lesson_id: 12
Total lessons for course 5: 17
Completed lessons for user 2, course 5: 11
Calculated course progress for user 2, course 5: 64.705882352941%
Total lessons for course 5: 17
Completed lessons for user 2, course 5: 11
Calculated course progress for user 2, course 5: 64.705882352941%
Updating enrollment: Array
(
    [user_id] => 2
    [course_id] => 5
    [enrollment_date] => 2025-04-11 16:57:37
    [status] => in-progress
    [progress] => 65
)

Enrollment updated successfully for user_id: 2, course_id: 5
Updating enrollment: Array
(
    [user_id] => 2
    [course_id] => 5
    [enrollment_date] => 2025-04-11 16:57:37
    [status] => in-progress
    [progress] => 65
)

Enrollment updated successfully for user_id: 2, course_id: 5
Received data: Array
(
    [user_id] => 2
    [lesson_id] => 14
    [progress] => 100
    [completed] => 1
)

Received data: Array
(
    [user_id] => 2
    [lesson_id] => 14
    [progress] => 100
    [completed] => 1
)

Progress updated successfully for user_id: 2, lesson_id: 14
Progress updated successfully for user_id: 2, lesson_id: 14
Total lessons for course 5: 17
Completed lessons for user 2, course 5: 12
Calculated course progress for user 2, course 5: 70.588235294118%
Updating enrollment: Array
(
    [user_id] => 2
    [course_id] => 5
    [enrollment_date] => 2025-04-11 16:57:37
    [status] => in-progress
    [progress] => 71
)

Enrollment updated successfully for user_id: 2, course_id: 5
Received data: Array
(
    [user_id] => 2
    [lesson_id] => 13
    [progress] => 100
    [completed] => 1
)

Received data: Array
(
    [user_id] => 2
    [lesson_id] => 13
    [progress] => 100
    [completed] => 1
)

Progress updated successfully for user_id: 2, lesson_id: 13
Progress updated successfully for user_id: 2, lesson_id: 13
Total lessons for course 5: 17
Completed lessons for user 2, course 5: 13
Calculated course progress for user 2, course 5: 76.470588235294%
Updating enrollment: Array
(
    [user_id] => 2
    [course_id] => 5
    [enrollment_date] => 2025-04-11 16:57:37
    [status] => in-progress
    [progress] => 76
)

Enrollment updated successfully for user_id: 2, course_id: 5
Received data: Array
(
    [user_id] => 2
    [lesson_id] => 14
    [progress] => 0.16628656249477
    [completed] => 
)

Received data: Array
(
    [user_id] => 2
    [lesson_id] => 14
    [progress] => 0.16628656249477
    [completed] => 
)

Progress updated successfully for user_id: 2, lesson_id: 14
Progress updated successfully for user_id: 2, lesson_id: 14
Received data: Array
(
    [user_id] => 2
    [lesson_id] => 14
    [progress] => 98.279436794543
    [completed] => 1
)

Received data: Array
(
    [user_id] => 2
    [lesson_id] => 14
    [progress] => 98.279436794543
    [completed] => 1
)

Progress updated successfully for user_id: 2, lesson_id: 14
Progress updated successfully for user_id: 2, lesson_id: 14
Total lessons for course 5: 17
Completed lessons for user 2, course 5: 13
Calculated course progress for user 2, course 5: 76.470588235294%
Updating enrollment: Array
(
    [user_id] => 2
    [course_id] => 5
    [enrollment_date] => 2025-04-11 16:57:37
    [status] => in-progress
    [progress] => 76
)

Enrollment updated successfully for user_id: 2, course_id: 5
Received data: Array
(
    [user_id] => 2
    [lesson_id] => 15
    [progress] => 0
    [completed] => 
)

Received data: Array
(
    [user_id] => 2
    [lesson_id] => 15
    [progress] => 0
    [completed] => 
)

Progress updated successfully for user_id: 2, lesson_id: 15
Progress updated successfully for user_id: 2, lesson_id: 15
Received data: Array
(
    [user_id] => 2
    [lesson_id] => 15
    [progress] => 100
    [completed] => 1
)

Received data: Array
(
    [user_id] => 2
    [lesson_id] => 15
    [progress] => 100
    [completed] => 1
)

Progress updated successfully for user_id: 2, lesson_id: 15
Progress updated successfully for user_id: 2, lesson_id: 15
Total lessons for course 5: 17
Completed lessons for user 2, course 5: 14
Calculated course progress for user 2, course 5: 82.352941176471%
Updating enrollment: Array
(
    [user_id] => 2
    [course_id] => 5
    [enrollment_date] => 2025-04-11 16:57:37
    [status] => in-progress
    [progress] => 82
)

Enrollment updated successfully for user_id: 2, course_id: 5
Total lessons for course 5: 17
Completed lessons for user 2, course 5: 14
Calculated course progress for user 2, course 5: 82.352941176471%
Updating enrollment: Array
(
    [user_id] => 2
    [course_id] => 5
    [enrollment_date] => 2025-04-11 16:58:24
    [status] => in-progress
    [progress] => 82
)

Enrollment updated successfully for user_id: 2, course_id: 5
Total lessons for course 5: 17
Completed lessons for user 2, course 5: 14
Calculated course progress for user 2, course 5: 82.352941176471%
Updating enrollment: Array
(
    [user_id] => 2
    [course_id] => 5
    [enrollment_date] => 2025-04-11 17:12:47
    [status] => in-progress
    [progress] => 82
)

Enrollment updated successfully for user_id: 2, course_id: 5
Total lessons for course 5: 17
Completed lessons for user 2, course 5: 14
Calculated course progress for user 2, course 5: 82.352941176471%
Updating enrollment: Array
(
    [user_id] => 2
    [course_id] => 5
    [enrollment_date] => 2025-04-11 17:13:00
    [status] => in-progress
    [progress] => 82
)

Enrollment updated successfully for user_id: 2, course_id: 5
Total lessons for course 5: 17
Completed lessons for user 2, course 5: 14
Calculated course progress for user 2, course 5: 82.352941176471%
Updating enrollment: Array
(
    [user_id] => 2
    [course_id] => 5
    [enrollment_date] => 2025-04-11 17:14:26
    [status] => in-progress
    [progress] => 82
)

Enrollment updated successfully for user_id: 2, course_id: 5
Total lessons for course 5: 17
Completed lessons for user 2, course 5: 14
Calculated course progress for user 2, course 5: 82.352941176471%
Updating enrollment: Array
(
    [user_id] => 2
    [course_id] => 5
    [enrollment_date] => 2025-04-11 17:14:30
    [status] => in-progress
    [progress] => 82
)

Enrollment updated successfully for user_id: 2, course_id: 5
Received data: Array
(
    [user_id] => 2
    [lesson_id] => 3
    [progress] => 94.017545013045
    [completed] => 
)

Received data: Array
(
    [user_id] => 2
    [lesson_id] => 3
    [progress] => 94.017545013045
    [completed] => 
)

Progress updated successfully for user_id: 2, lesson_id: 3
Progress updated successfully for user_id: 2, lesson_id: 3
Received data: Array
(
    [user_id] => 2
    [lesson_id] => 3
    [progress] => 100
    [completed] => 1
)

Received data: Array
(
    [user_id] => 2
    [lesson_id] => 3
    [progress] => 100
    [completed] => 1
)

Progress updated successfully for user_id: 2, lesson_id: 3
Progress updated successfully for user_id: 2, lesson_id: 3
Total lessons for course 5: 17
Completed lessons for user 2, course 5: 14
Calculated course progress for user 2, course 5: 82.352941176471%
Updating enrollment: Array
(
    [user_id] => 2
    [course_id] => 5
    [enrollment_date] => 2025-04-11 17:14:30
    [status] => in-progress
    [progress] => 82
)

Enrollment updated successfully for user_id: 2, course_id: 5
Total lessons for course 5: 17
Completed lessons for user 2, course 5: 14
Calculated course progress for user 2, course 5: 82.352941176471%
Updating enrollment: Array
(
    [user_id] => 2
    [course_id] => 5
    [enrollment_date] => 2025-04-11 17:14:47
    [status] => in-progress
    [progress] => 82
)

Enrollment updated successfully for user_id: 2, course_id: 5
Total lessons for course 5: 17
Completed lessons for user 2, course 5: 14
Calculated course progress for user 2, course 5: 82.352941176471%
Updating enrollment: Array
(
    [user_id] => 2
    [course_id] => 5
    [enrollment_date] => 2025-04-11 17:15:39
    [status] => in-progress
    [progress] => 82
)

Enrollment updated successfully for user_id: 2, course_id: 5
Total lessons for course 5: 17
Completed lessons for user 2, course 5: 14
Calculated course progress for user 2, course 5: 82.352941176471%
Updating enrollment: Array
(
    [user_id] => 2
    [course_id] => 5
    [enrollment_date] => 2025-04-11 17:17:26
    [status] => in-progress
    [progress] => 82
)

Enrollment updated successfully for user_id: 2, course_id: 5
Total lessons for course 5: 17
Completed lessons for user 2, course 5: 14
Calculated course progress for user 2, course 5: 82.352941176471%
Updating enrollment: Array
(
    [user_id] => 2
    [course_id] => 5
    [enrollment_date] => 2025-04-11 17:19:17
    [status] => in-progress
    [progress] => 82
)

Enrollment updated successfully for user_id: 2, course_id: 5
Total lessons for course 5: 17
Completed lessons for user 2, course 5: 14
Calculated course progress for user 2, course 5: 82.352941176471%
Updating enrollment: Array
(
    [user_id] => 2
    [course_id] => 5
    [enrollment_date] => 2025-04-11 17:19:29
    [status] => in-progress
    [progress] => 82
)

Enrollment updated successfully for user_id: 2, course_id: 5
Total lessons for course 5: 17
Completed lessons for user 2, course 5: 14
Calculated course progress for user 2, course 5: 82.352941176471%
Updating enrollment: Array
(
    [user_id] => 2
    [course_id] => 5
    [enrollment_date] => 2025-04-11 17:21:14
    [status] => in-progress
    [progress] => 82
)

Enrollment updated successfully for user_id: 2, course_id: 5
Total lessons for course 16: 7
Completed lessons for user 4, course 16: 0
Calculated course progress for user 4, course 16: 0%
Updating enrollment: Array
(
    [user_id] => 4
    [course_id] => 16
    [enrollment_date] => 2025-04-12 04:48:07
    [status] => enrolled
    [progress] => 0
)

Enrollment updated successfully for user_id: 4, course_id: 16
Total lessons for course 16: 7
Completed lessons for user 4, course 16: 0
Calculated course progress for user 4, course 16: 0%
Updating enrollment: Array
(
    [user_id] => 4
    [course_id] => 16
    [enrollment_date] => 2025-04-12 04:48:07
    [status] => enrolled
    [progress] => 0
)

Enrollment updated successfully for user_id: 4, course_id: 16
Total lessons for course 5: 17
Completed lessons for user 2, course 5: 14
Calculated course progress for user 2, course 5: 82.352941176471%
Updating enrollment: Array
(
    [user_id] => 2
    [course_id] => 5
    [enrollment_date] => 2025-04-12 04:48:47
    [status] => in-progress
    [progress] => 82
)

Enrollment updated successfully for user_id: 2, course_id: 5
Total lessons for course 5: 17
Completed lessons for user 2, course 5: 14
Calculated course progress for user 2, course 5: 82.352941176471%
Updating enrollment: Array
(
    [user_id] => 2
    [course_id] => 5
    [enrollment_date] => 2025-04-12 04:48:47
    [status] => in-progress
    [progress] => 82
)

Enrollment updated successfully for user_id: 2, course_id: 5
Total lessons for course 20: 1
Completed lessons for user 2, course 20: 1
Calculated course progress for user 2, course 20: 100%
Updating enrollment: Array
(
    [user_id] => 2
    [course_id] => 20
    [enrollment_date] => 2025-04-12 04:49:04
    [status] => completed
    [progress] => 100
)

Enrollment updated successfully for user_id: 2, course_id: 20
Email sent to admin@gmail.com with certificate CERT-U2-C20-20250412
Total lessons for course 20: 1
Completed lessons for user 2, course 20: 1
Calculated course progress for user 2, course 20: 100%
Updating enrollment: Array
(
    [user_id] => 2
    [course_id] => 20
    [enrollment_date] => 2025-04-12 04:49:04
    [status] => completed
    [progress] => 100
)

Enrollment updated successfully for user_id: 2, course_id: 20
Total lessons for course 5: 17
Completed lessons for user 2, course 5: 14
Calculated course progress for user 2, course 5: 82.352941176471%
Updating enrollment: Array
(
    [user_id] => 2
    [course_id] => 5
    [enrollment_date] => 2025-04-12 04:49:19
    [status] => in-progress
    [progress] => 82
)

Enrollment updated successfully for user_id: 2, course_id: 5
Total lessons for course 5: 17
Completed lessons for user 2, course 5: 14
Calculated course progress for user 2, course 5: 82.352941176471%
Updating enrollment: Array
(
    [user_id] => 2
    [course_id] => 5
    [enrollment_date] => 2025-04-12 04:49:19
    [status] => in-progress
    [progress] => 82
)

Enrollment updated successfully for user_id: 2, course_id: 5
Total lessons for course 16: 7
Completed lessons for user 4, course 16: 0
Calculated course progress for user 4, course 16: 0%
Updating enrollment: Array
(
    [user_id] => 4
    [course_id] => 16
    [enrollment_date] => 2025-04-12 04:52:24
    [status] => enrolled
    [progress] => 0
)

Enrollment updated successfully for user_id: 4, course_id: 16
Total lessons for course 16: 7
Completed lessons for user 4, course 16: 0
Calculated course progress for user 4, course 16: 0%
Updating enrollment: Array
(
    [user_id] => 4
    [course_id] => 16
    [enrollment_date] => 2025-04-12 04:52:24
    [status] => enrolled
    [progress] => 0
)

Enrollment updated successfully for user_id: 4, course_id: 16
Total lessons for course 5: 17
Completed lessons for user 4, course 5: 14
Calculated course progress for user 4, course 5: 82.352941176471%
Updating enrollment: Array
(
    [user_id] => 4
    [course_id] => 5
    [enrollment_date] => 2025-04-12 06:06:17
    [status] => in-progress
    [progress] => 82
)

Enrollment updated successfully for user_id: 4, course_id: 5
Total lessons for course 5: 17
Completed lessons for user 4, course 5: 14
Calculated course progress for user 4, course 5: 82.352941176471%
Updating enrollment: Array
(
    [user_id] => 4
    [course_id] => 5
    [enrollment_date] => 2025-04-12 06:06:17
    [status] => in-progress
    [progress] => 82
)

Enrollment updated successfully for user_id: 4, course_id: 5
Total lessons for course 5: 17
Completed lessons for user 4, course 5: 14
Calculated course progress for user 4, course 5: 82.352941176471%
Updating enrollment: Array
(
    [user_id] => 4
    [course_id] => 5
    [enrollment_date] => 2025-04-12 06:07:43
    [status] => in-progress
    [progress] => 82
)

Enrollment updated successfully for user_id: 4, course_id: 5
Total lessons for course 5: 17
Completed lessons for user 4, course 5: 14
Calculated course progress for user 4, course 5: 82.352941176471%
Updating enrollment: Array
(
    [user_id] => 4
    [course_id] => 5
    [enrollment_date] => 2025-04-12 06:07:43
    [status] => in-progress
    [progress] => 82
)

Enrollment updated successfully for user_id: 4, course_id: 5
Total lessons for course 5: 17
Completed lessons for user 4, course 5: 14
Calculated course progress for user 4, course 5: 82.352941176471%
Updating enrollment: Array
(
    [user_id] => 4
    [course_id] => 5
    [enrollment_date] => 2025-04-12 06:08:03
    [status] => in-progress
    [progress] => 82
)

Enrollment updated successfully for user_id: 4, course_id: 5
Total lessons for course 5: 17
Completed lessons for user 4, course 5: 14
Calculated course progress for user 4, course 5: 82.352941176471%
Updating enrollment: Array
(
    [user_id] => 4
    [course_id] => 5
    [enrollment_date] => 2025-04-12 06:08:03
    [status] => in-progress
    [progress] => 82
)

Enrollment updated successfully for user_id: 4, course_id: 5
Total lessons for course 5: 17
Completed lessons for user 4, course 5: 14
Calculated course progress for user 4, course 5: 82.352941176471%
Updating enrollment: Array
(
    [user_id] => 4
    [course_id] => 5
    [enrollment_date] => 2025-04-12 06:09:28
    [status] => in-progress
    [progress] => 82
)

Enrollment updated successfully for user_id: 4, course_id: 5
Total lessons for course 5: 17
Completed lessons for user 4, course 5: 14
Calculated course progress for user 4, course 5: 82.352941176471%
Updating enrollment: Array
(
    [user_id] => 4
    [course_id] => 5
    [enrollment_date] => 2025-04-12 06:09:28
    [status] => in-progress
    [progress] => 82
)

Enrollment updated successfully for user_id: 4, course_id: 5
Total lessons for course 20: 1
Completed lessons for user 4, course 20: 0
Calculated course progress for user 4, course 20: 0%
Updating enrollment: Array
(
    [user_id] => 4
    [course_id] => 20
    [enrollment_date] => 2025-04-12 06:10:03
    [status] => enrolled
    [progress] => 0
)

Enrollment updated successfully for user_id: 4, course_id: 20
Total lessons for course 20: 1
Completed lessons for user 4, course 20: 0
Calculated course progress for user 4, course 20: 0%
Updating enrollment: Array
(
    [user_id] => 4
    [course_id] => 20
    [enrollment_date] => 2025-04-12 06:10:04
    [status] => enrolled
    [progress] => 0
)

Enrollment updated successfully for user_id: 4, course_id: 20
Total lessons for course 20: 1
Completed lessons for user 4, course 20: 0
Calculated course progress for user 4, course 20: 0%
Updating enrollment: Array
(
    [user_id] => 4
    [course_id] => 20
    [enrollment_date] => 2025-04-12 06:10:04
    [status] => enrolled
    [progress] => 0
)

Enrollment updated successfully for user_id: 4, course_id: 20
Total lessons for course 5: 17
Completed lessons for user 2, course 5: 14
Calculated course progress for user 2, course 5: 82.352941176471%
Updating enrollment: Array
(
    [user_id] => 2
    [course_id] => 5
    [enrollment_date] => 2025-04-16 18:07:13
    [status] => in-progress
    [progress] => 82
)

Enrollment updated successfully for user_id: 2, course_id: 5
Total lessons for course 5: 17
Completed lessons for user 2, course 5: 14
Calculated course progress for user 2, course 5: 82.352941176471%
Updating enrollment: Array
(
    [user_id] => 2
    [course_id] => 5
    [enrollment_date] => 2025-04-16 18:07:33
    [status] => in-progress
    [progress] => 82
)

Enrollment updated successfully for user_id: 2, course_id: 5
Total lessons for course 20: 1
Completed lessons for user 12, course 20: 0
Calculated course progress for user 12, course 20: 0%
Updating enrollment: Array
(
    [user_id] => 12
    [course_id] => 20
    [enrollment_date] => 2025-04-17 05:31:39
    [status] => enrolled
    [progress] => 0
)

Enrollment updated successfully for user_id: 12, course_id: 20
Total lessons for course 20: 1
Completed lessons for user 12, course 20: 0
Calculated course progress for user 12, course 20: 0%
Updating enrollment: Array
(
    [user_id] => 12
    [course_id] => 20
    [enrollment_date] => 2025-04-17 05:31:39
    [status] => enrolled
    [progress] => 0
)

Enrollment updated successfully for user_id: 12, course_id: 20
Total lessons for course 16: 7
Completed lessons for user 12, course 16: 0
Calculated course progress for user 12, course 16: 0%
Updating enrollment: Array
(
    [user_id] => 12
    [course_id] => 16
    [enrollment_date] => 2025-04-17 05:34:13
    [status] => enrolled
    [progress] => 0
)

Enrollment updated successfully for user_id: 12, course_id: 16
Total lessons for course 16: 7
Completed lessons for user 12, course 16: 0
Calculated course progress for user 12, course 16: 0%
Updating enrollment: Array
(
    [user_id] => 12
    [course_id] => 16
    [enrollment_date] => 2025-04-17 05:34:13
    [status] => enrolled
    [progress] => 0
)

Enrollment updated successfully for user_id: 12, course_id: 16
Received data: Array
(
    [user_id] => 12
    [lesson_id] => 16
    [progress] => 100
    [completed] => 1
)

Received data: Array
(
    [user_id] => 12
    [lesson_id] => 16
    [progress] => 100
    [completed] => 1
)

Progress updated successfully for user_id: 12, lesson_id: 16
Progress updated successfully for user_id: 12, lesson_id: 16
Total lessons for course 16: 7
Completed lessons for user 12, course 16: 1
Calculated course progress for user 12, course 16: 14.285714285714%
Updating enrollment: Array
(
    [user_id] => 12
    [course_id] => 16
    [enrollment_date] => 2025-04-17 05:34:13
    [status] => in-progress
    [progress] => 14
)

Enrollment updated successfully for user_id: 12, course_id: 16
Received data: Array
(
    [user_id] => 12
    [lesson_id] => 17
    [progress] => 100
    [completed] => 1
)

Received data: Array
(
    [user_id] => 12
    [lesson_id] => 17
    [progress] => 100
    [completed] => 1
)

Progress updated successfully for user_id: 12, lesson_id: 17
Progress updated successfully for user_id: 12, lesson_id: 17
Total lessons for course 16: 7
Completed lessons for user 12, course 16: 2
Calculated course progress for user 12, course 16: 28.571428571429%
Updating enrollment: Array
(
    [user_id] => 12
    [course_id] => 16
    [enrollment_date] => 2025-04-17 05:34:13
    [status] => in-progress
    [progress] => 29
)

Enrollment updated successfully for user_id: 12, course_id: 16
Received data: Array
(
    [user_id] => 12
    [lesson_id] => 18
    [progress] => 100
    [completed] => 1
)

Received data: Array
(
    [user_id] => 12
    [lesson_id] => 18
    [progress] => 100
    [completed] => 1
)

Progress updated successfully for user_id: 12, lesson_id: 18
Progress updated successfully for user_id: 12, lesson_id: 18
Total lessons for course 16: 7
Completed lessons for user 12, course 16: 3
Calculated course progress for user 12, course 16: 42.857142857143%
Updating enrollment: Array
(
    [user_id] => 12
    [course_id] => 16
    [enrollment_date] => 2025-04-17 05:34:13
    [status] => in-progress
    [progress] => 43
)

Enrollment updated successfully for user_id: 12, course_id: 16
Total lessons for course 16: 7
Completed lessons for user 12, course 16: 3
Calculated course progress for user 12, course 16: 42.857142857143%
Updating enrollment: Array
(
    [user_id] => 12
    [course_id] => 16
    [enrollment_date] => 2025-04-17 05:35:15
    [status] => in-progress
    [progress] => 43
)

Enrollment updated successfully for user_id: 12, course_id: 16
Total lessons for course 5: 17
Completed lessons for user 4, course 5: 14
Calculated course progress for user 4, course 5: 82.352941176471%
Updating enrollment: Array
(
    [user_id] => 4
    [course_id] => 5
    [enrollment_date] => 2025-04-21 19:13:59
    [status] => in-progress
    [progress] => 82
)

Enrollment updated successfully for user_id: 4, course_id: 5
Total lessons for course 5: 17
Completed lessons for user 4, course 5: 14
Calculated course progress for user 4, course 5: 82.352941176471%
Updating enrollment: Array
(
    [user_id] => 4
    [course_id] => 5
    [enrollment_date] => 2025-04-21 19:14:05
    [status] => in-progress
    [progress] => 82
)

Enrollment updated successfully for user_id: 4, course_id: 5
Total lessons for course 16: 7
Completed lessons for user 12, course 16: 3
Calculated course progress for user 12, course 16: 42.857142857143%
Updating enrollment: Array
(
    [user_id] => 12
    [course_id] => 16
    [enrollment_date] => 2025-04-21 19:15:45
    [status] => in-progress
    [progress] => 43
)

Enrollment updated successfully for user_id: 12, course_id: 16
Received data: Array
(
    [user_id] => 12
    [lesson_id] => 18
    [progress] => 100
    [completed] => 1
)

Received data: Array
(
    [user_id] => 12
    [lesson_id] => 18
    [progress] => 100
    [completed] => 1
)

Progress updated successfully for user_id: 12, lesson_id: 18
Progress updated successfully for user_id: 12, lesson_id: 18
Total lessons for course 16: 7
Completed lessons for user 12, course 16: 3
Calculated course progress for user 12, course 16: 42.857142857143%
Updating enrollment: Array
(
    [user_id] => 12
    [course_id] => 16
    [enrollment_date] => 2025-04-21 19:15:45
    [status] => in-progress
    [progress] => 43
)

Enrollment updated successfully for user_id: 12, course_id: 16
Total lessons for course 16: 7
Completed lessons for user 12, course 16: 3
Calculated course progress for user 12, course 16: 42.857142857143%
Updating enrollment: Array
(
    [user_id] => 12
    [course_id] => 16
    [enrollment_date] => 2025-04-21 19:16:12
    [status] => in-progress
    [progress] => 43
)

Enrollment updated successfully for user_id: 12, course_id: 16
Total lessons for course 16: 7
Completed lessons for user 12, course 16: 0
Calculated course progress for user 12, course 16: 0%
Updating enrollment: Array
(
    [user_id] => 12
    [course_id] => 16
    [enrollment_date] => 2025-04-21 19:19:36
    [status] => enrolled
    [progress] => 0
)

Enrollment updated successfully for user_id: 12, course_id: 16
Total lessons for course 16: 7
Completed lessons for user 12, course 16: 0
Calculated course progress for user 12, course 16: 0%
Updating enrollment: Array
(
    [user_id] => 12
    [course_id] => 16
    [enrollment_date] => 2025-04-21 19:19:36
    [status] => enrolled
    [progress] => 0
)

Enrollment updated successfully for user_id: 12, course_id: 16
Received data: Array
(
    [user_id] => 12
    [lesson_id] => 16
    [progress] => 100
    [completed] => 1
)

Received data: Array
(
    [user_id] => 12
    [lesson_id] => 16
    [progress] => 100
    [completed] => 1
)

Progress updated successfully for user_id: 12, lesson_id: 16
Progress updated successfully for user_id: 12, lesson_id: 16
Total lessons for course 16: 7
Completed lessons for user 12, course 16: 1
Calculated course progress for user 12, course 16: 14.285714285714%
Updating enrollment: Array
(
    [user_id] => 12
    [course_id] => 16
    [enrollment_date] => 2025-04-21 19:19:36
    [status] => in-progress
    [progress] => 14
)

Enrollment updated successfully for user_id: 12, course_id: 16
Total lessons for course 5: 17
Completed lessons for user 4, course 5: 0
Calculated course progress for user 4, course 5: 0%
Updating enrollment: Array
(
    [user_id] => 4
    [course_id] => 5
    [enrollment_date] => 2025-04-21 19:20:16
    [status] => enrolled
    [progress] => 0
)

Enrollment updated successfully for user_id: 4, course_id: 5
Total lessons for course 5: 17
Completed lessons for user 4, course 5: 0
Calculated course progress for user 4, course 5: 0%
Updating enrollment: Array
(
    [user_id] => 4
    [course_id] => 5
    [enrollment_date] => 2025-04-21 19:20:16
    [status] => enrolled
    [progress] => 0
)

Enrollment updated successfully for user_id: 4, course_id: 5
Received data: Array
(
    [user_id] => 4
    [lesson_id] => 1
    [progress] => 100
    [completed] => 1
)

Received data: Array
(
    [user_id] => 4
    [lesson_id] => 1
    [progress] => 100
    [completed] => 1
)

Progress updated successfully for user_id: 4, lesson_id: 1
Progress updated successfully for user_id: 4, lesson_id: 1
Total lessons for course 5: 17
Completed lessons for user 4, course 5: 1
Calculated course progress for user 4, course 5: 5.8823529411765%
Updating enrollment: Array
(
    [user_id] => 4
    [course_id] => 5
    [enrollment_date] => 2025-04-21 19:20:16
    [status] => in-progress
    [progress] => 6
)

Enrollment updated successfully for user_id: 4, course_id: 5
Total lessons for course 5: 15
Completed lessons for user 2, course 5: 0
Calculated course progress for user 2, course 5: 0%
Updating enrollment: Array
(
    [user_id] => 2
    [course_id] => 5
    [enrollment_date] => 2025-04-21 19:21:18
    [status] => enrolled
    [progress] => 0
)

Enrollment updated successfully for user_id: 2, course_id: 5
Total lessons for course 5: 15
Completed lessons for user 2, course 5: 0
Calculated course progress for user 2, course 5: 0%
Updating enrollment: Array
(
    [user_id] => 2
    [course_id] => 5
    [enrollment_date] => 2025-04-21 19:21:18
    [status] => enrolled
    [progress] => 0
)

Enrollment updated successfully for user_id: 2, course_id: 5
Received data: Array
(
    [user_id] => 2
    [lesson_id] => 1
    [progress] => 100
    [completed] => 1
)

Received data: Array
(
    [user_id] => 2
    [lesson_id] => 1
    [progress] => 100
    [completed] => 1
)

Progress updated successfully for user_id: 2, lesson_id: 1
Progress updated successfully for user_id: 2, lesson_id: 1
Total lessons for course 5: 15
Completed lessons for user 2, course 5: 1
Calculated course progress for user 2, course 5: 6.6666666666667%
Updating enrollment: Array
(
    [user_id] => 2
    [course_id] => 5
    [enrollment_date] => 2025-04-21 19:21:18
    [status] => in-progress
    [progress] => 7
)

Enrollment updated successfully for user_id: 2, course_id: 5
Received data: Array
(
    [user_id] => 2
    [lesson_id] => 2
    [progress] => 100
    [completed] => 1
)

Received data: Array
(
    [user_id] => 2
    [lesson_id] => 2
    [progress] => 100
    [completed] => 1
)

Progress updated successfully for user_id: 2, lesson_id: 2
Progress updated successfully for user_id: 2, lesson_id: 2
Total lessons for course 5: 15
Completed lessons for user 2, course 5: 2
Calculated course progress for user 2, course 5: 13.333333333333%
Updating enrollment: Array
(
    [user_id] => 2
    [course_id] => 5
    [enrollment_date] => 2025-04-21 19:21:18
    [status] => in-progress
    [progress] => 13
)

Enrollment updated successfully for user_id: 2, course_id: 5
Received data: Array
(
    [user_id] => 2
    [lesson_id] => 3
    [progress] => 100
    [completed] => 1
)

Received data: Array
(
    [user_id] => 2
    [lesson_id] => 3
    [progress] => 100
    [completed] => 1
)

Progress updated successfully for user_id: 2, lesson_id: 3
Progress updated successfully for user_id: 2, lesson_id: 3
Received data: Array
(
    [user_id] => 2
    [lesson_id] => 3
    [progress] => 100
    [completed] => 1
)

Received data: Array
(
    [user_id] => 2
    [lesson_id] => 3
    [progress] => 100
    [completed] => 1
)

Progress updated successfully for user_id: 2, lesson_id: 3
Progress updated successfully for user_id: 2, lesson_id: 3
Total lessons for course 5: 15
Completed lessons for user 2, course 5: 3
Calculated course progress for user 2, course 5: 20%
Total lessons for course 5: 15
Completed lessons for user 2, course 5: 3
Calculated course progress for user 2, course 5: 20%
Updating enrollment: Array
(
    [user_id] => 2
    [course_id] => 5
    [enrollment_date] => 2025-04-21 19:21:18
    [status] => in-progress
    [progress] => 20
)

Enrollment updated successfully for user_id: 2, course_id: 5
Updating enrollment: Array
(
    [user_id] => 2
    [course_id] => 5
    [enrollment_date] => 2025-04-21 19:21:18
    [status] => in-progress
    [progress] => 20
)

Enrollment updated successfully for user_id: 2, course_id: 5
Received data: Array
(
    [user_id] => 2
    [lesson_id] => 5
    [progress] => 100
    [completed] => 1
)

Received data: Array
(
    [user_id] => 2
    [lesson_id] => 5
    [progress] => 100
    [completed] => 1
)

Progress updated successfully for user_id: 2, lesson_id: 5
Progress updated successfully for user_id: 2, lesson_id: 5
Total lessons for course 5: 15
Completed lessons for user 2, course 5: 4
Calculated course progress for user 2, course 5: 26.666666666667%
Updating enrollment: Array
(
    [user_id] => 2
    [course_id] => 5
    [enrollment_date] => 2025-04-21 19:21:18
    [status] => in-progress
    [progress] => 27
)

Enrollment updated successfully for user_id: 2, course_id: 5
Received data: Array
(
    [user_id] => 2
    [lesson_id] => 6
    [progress] => 100
    [completed] => 1
)

Received data: Array
(
    [user_id] => 2
    [lesson_id] => 6
    [progress] => 100
    [completed] => 1
)

Progress updated successfully for user_id: 2, lesson_id: 6
Progress updated successfully for user_id: 2, lesson_id: 6
Total lessons for course 5: 15
Completed lessons for user 2, course 5: 5
Calculated course progress for user 2, course 5: 33.333333333333%
Updating enrollment: Array
(
    [user_id] => 2
    [course_id] => 5
    [enrollment_date] => 2025-04-21 19:21:18
    [status] => in-progress
    [progress] => 33
)

Enrollment updated successfully for user_id: 2, course_id: 5
Received data: Array
(
    [user_id] => 2
    [lesson_id] => 7
    [progress] => 100
    [completed] => 1
)

Received data: Array
(
    [user_id] => 2
    [lesson_id] => 7
    [progress] => 100
    [completed] => 1
)

Progress updated successfully for user_id: 2, lesson_id: 7
Progress updated successfully for user_id: 2, lesson_id: 7
Total lessons for course 5: 15
Completed lessons for user 2, course 5: 6
Calculated course progress for user 2, course 5: 40%
Updating enrollment: Array
(
    [user_id] => 2
    [course_id] => 5
    [enrollment_date] => 2025-04-21 19:21:18
    [status] => in-progress
    [progress] => 40
)

Enrollment updated successfully for user_id: 2, course_id: 5
Total lessons for course 5: 15
Completed lessons for user 2, course 5: 6
Calculated course progress for user 2, course 5: 40%
Updating enrollment: Array
(
    [user_id] => 2
    [course_id] => 5
    [enrollment_date] => 2025-04-21 19:21:36
    [status] => in-progress
    [progress] => 40
)

Enrollment updated successfully for user_id: 2, course_id: 5
Received data: Array
(
    [user_id] => 2
    [lesson_id] => 7
    [progress] => 100
    [completed] => 1
)

Received data: Array
(
    [user_id] => 2
    [lesson_id] => 7
    [progress] => 100
    [completed] => 1
)

Progress updated successfully for user_id: 2, lesson_id: 7
Progress updated successfully for user_id: 2, lesson_id: 7
Total lessons for course 5: 15
Completed lessons for user 2, course 5: 6
Calculated course progress for user 2, course 5: 40%
Updating enrollment: Array
(
    [user_id] => 2
    [course_id] => 5
    [enrollment_date] => 2025-04-21 19:21:36
    [status] => in-progress
    [progress] => 40
)

Enrollment updated successfully for user_id: 2, course_id: 5
Received data: Array
(
    [user_id] => 2
    [lesson_id] => 8
    [progress] => 100
    [completed] => 1
)

Received data: Array
(
    [user_id] => 2
    [lesson_id] => 8
    [progress] => 100
    [completed] => 1
)

Progress updated successfully for user_id: 2, lesson_id: 8
Progress updated successfully for user_id: 2, lesson_id: 8
Total lessons for course 5: 15
Completed lessons for user 2, course 5: 7
Calculated course progress for user 2, course 5: 46.666666666667%
Updating enrollment: Array
(
    [user_id] => 2
    [course_id] => 5
    [enrollment_date] => 2025-04-21 19:21:36
    [status] => in-progress
    [progress] => 47
)

Enrollment updated successfully for user_id: 2, course_id: 5
Received data: Array
(
    [user_id] => 2
    [lesson_id] => 9
    [progress] => 100
    [completed] => 1
)

Received data: Array
(
    [user_id] => 2
    [lesson_id] => 9
    [progress] => 100
    [completed] => 1
)

Progress updated successfully for user_id: 2, lesson_id: 9
Progress updated successfully for user_id: 2, lesson_id: 9
Total lessons for course 5: 15
Completed lessons for user 2, course 5: 8
Calculated course progress for user 2, course 5: 53.333333333333%
Updating enrollment: Array
(
    [user_id] => 2
    [course_id] => 5
    [enrollment_date] => 2025-04-21 19:21:36
    [status] => in-progress
    [progress] => 53
)

Enrollment updated successfully for user_id: 2, course_id: 5
Received data: Array
(
    [user_id] => 2
    [lesson_id] => 10
    [progress] => 100
    [completed] => 1
)

Received data: Array
(
    [user_id] => 2
    [lesson_id] => 10
    [progress] => 100
    [completed] => 1
)

Progress updated successfully for user_id: 2, lesson_id: 10
Progress updated successfully for user_id: 2, lesson_id: 10
Total lessons for course 5: 15
Completed lessons for user 2, course 5: 9
Calculated course progress for user 2, course 5: 60%
Updating enrollment: Array
(
    [user_id] => 2
    [course_id] => 5
    [enrollment_date] => 2025-04-21 19:21:36
    [status] => in-progress
    [progress] => 60
)

Enrollment updated successfully for user_id: 2, course_id: 5
Received data: Array
(
    [user_id] => 2
    [lesson_id] => 11
    [progress] => 100
    [completed] => 1
)

Received data: Array
(
    [user_id] => 2
    [lesson_id] => 11
    [progress] => 100
    [completed] => 1
)

Progress updated successfully for user_id: 2, lesson_id: 11
Progress updated successfully for user_id: 2, lesson_id: 11
Total lessons for course 5: 15
Completed lessons for user 2, course 5: 10
Calculated course progress for user 2, course 5: 66.666666666667%
Updating enrollment: Array
(
    [user_id] => 2
    [course_id] => 5
    [enrollment_date] => 2025-04-21 19:21:36
    [status] => in-progress
    [progress] => 67
)

Enrollment updated successfully for user_id: 2, course_id: 5
Total lessons for course 5: 15
Completed lessons for user 2, course 5: 10
Calculated course progress for user 2, course 5: 66.666666666667%
Updating enrollment: Array
(
    [user_id] => 2
    [course_id] => 5
    [enrollment_date] => 2025-04-21 19:21:58
    [status] => in-progress
    [progress] => 67
)

Enrollment updated successfully for user_id: 2, course_id: 5
Received data: Array
(
    [user_id] => 2
    [lesson_id] => 11
    [progress] => 100
    [completed] => 1
)

Received data: Array
(
    [user_id] => 2
    [lesson_id] => 11
    [progress] => 100
    [completed] => 1
)

Progress updated successfully for user_id: 2, lesson_id: 11
Progress updated successfully for user_id: 2, lesson_id: 11
Total lessons for course 5: 15
Completed lessons for user 2, course 5: 10
Calculated course progress for user 2, course 5: 66.666666666667%
Updating enrollment: Array
(
    [user_id] => 2
    [course_id] => 5
    [enrollment_date] => 2025-04-21 19:21:58
    [status] => in-progress
    [progress] => 67
)

Enrollment updated successfully for user_id: 2, course_id: 5
Total lessons for course 5: 15
Completed lessons for user 2, course 5: 10
Calculated course progress for user 2, course 5: 66.666666666667%
Updating enrollment: Array
(
    [user_id] => 2
    [course_id] => 5
    [enrollment_date] => 2025-04-22 03:22:13
    [status] => in-progress
    [progress] => 67
)

Enrollment updated successfully for user_id: 2, course_id: 5
Received data: Array
(
    [user_id] => 2
    [lesson_id] => 4
    [progress] => 100
    [completed] => 1
)

Received data: Array
(
    [user_id] => 2
    [lesson_id] => 4
    [progress] => 100
    [completed] => 1
)

Progress updated successfully for user_id: 2, lesson_id: 4
Progress updated successfully for user_id: 2, lesson_id: 4
Total lessons for course 5: 15
Completed lessons for user 2, course 5: 11
Calculated course progress for user 2, course 5: 73.333333333333%
Updating enrollment: Array
(
    [user_id] => 2
    [course_id] => 5
    [enrollment_date] => 2025-04-22 03:22:13
    [status] => in-progress
    [progress] => 73
)

Enrollment updated successfully for user_id: 2, course_id: 5
Received data: Array
(
    [user_id] => 2
    [lesson_id] => 11
    [progress] => 100
    [completed] => 1
)

Received data: Array
(
    [user_id] => 2
    [lesson_id] => 11
    [progress] => 100
    [completed] => 1
)

Progress updated successfully for user_id: 2, lesson_id: 11
Progress updated successfully for user_id: 2, lesson_id: 11
Total lessons for course 5: 15
Completed lessons for user 2, course 5: 11
Calculated course progress for user 2, course 5: 73.333333333333%
Updating enrollment: Array
(
    [user_id] => 2
    [course_id] => 5
    [enrollment_date] => 2025-04-22 03:22:13
    [status] => in-progress
    [progress] => 73
)

Enrollment updated successfully for user_id: 2, course_id: 5
Received data: Array
(
    [user_id] => 2
    [lesson_id] => 12
    [progress] => 100
    [completed] => 1
)

Received data: Array
(
    [user_id] => 2
    [lesson_id] => 12
    [progress] => 100
    [completed] => 1
)

Progress updated successfully for user_id: 2, lesson_id: 12
Progress updated successfully for user_id: 2, lesson_id: 12
Total lessons for course 5: 15
Completed lessons for user 2, course 5: 12
Calculated course progress for user 2, course 5: 80%
Updating enrollment: Array
(
    [user_id] => 2
    [course_id] => 5
    [enrollment_date] => 2025-04-22 03:22:13
    [status] => in-progress
    [progress] => 80
)

Enrollment updated successfully for user_id: 2, course_id: 5
Total lessons for course 5: 15
Completed lessons for user 2, course 5: 12
Calculated course progress for user 2, course 5: 80%
Updating enrollment: Array
(
    [user_id] => 2
    [course_id] => 5
    [enrollment_date] => 2025-04-22 03:24:26
    [status] => in-progress
    [progress] => 80
)

Enrollment updated successfully for user_id: 2, course_id: 5
Total lessons for course 5: 15
Completed lessons for user 4, course 5: 1
Calculated course progress for user 4, course 5: 6.6666666666667%
Updating enrollment: Array
(
    [user_id] => 4
    [course_id] => 5
    [enrollment_date] => 2025-04-22 03:25:16
    [status] => in-progress
    [progress] => 7
)

Enrollment updated successfully for user_id: 4, course_id: 5
Received data: Array
(
    [user_id] => 4
    [lesson_id] => 2
    [progress] => 100
    [completed] => 1
)

Received data: Array
(
    [user_id] => 4
    [lesson_id] => 2
    [progress] => 100
    [completed] => 1
)

Progress updated successfully for user_id: 4, lesson_id: 2
Progress updated successfully for user_id: 4, lesson_id: 2
Total lessons for course 5: 15
Completed lessons for user 4, course 5: 2
Calculated course progress for user 4, course 5: 13.333333333333%
Updating enrollment: Array
(
    [user_id] => 4
    [course_id] => 5
    [enrollment_date] => 2025-04-22 03:25:16
    [status] => in-progress
    [progress] => 13
)

Enrollment updated successfully for user_id: 4, course_id: 5
Received data: Array
(
    [user_id] => 4
    [lesson_id] => 3
    [progress] => 100
    [completed] => 1
)

Received data: Array
(
    [user_id] => 4
    [lesson_id] => 3
    [progress] => 100
    [completed] => 1
)

Progress updated successfully for user_id: 4, lesson_id: 3
Progress updated successfully for user_id: 4, lesson_id: 3
Total lessons for course 5: 15
Completed lessons for user 4, course 5: 3
Calculated course progress for user 4, course 5: 20%
Updating enrollment: Array
(
    [user_id] => 4
    [course_id] => 5
    [enrollment_date] => 2025-04-22 03:25:16
    [status] => in-progress
    [progress] => 20
)

Enrollment updated successfully for user_id: 4, course_id: 5
Received data: Array
(
    [user_id] => 4
    [lesson_id] => 4
    [progress] => 100
    [completed] => 1
)

Received data: Array
(
    [user_id] => 4
    [lesson_id] => 4
    [progress] => 100
    [completed] => 1
)

Progress updated successfully for user_id: 4, lesson_id: 4
Progress updated successfully for user_id: 4, lesson_id: 4
Total lessons for course 5: 15
Completed lessons for user 4, course 5: 4
Calculated course progress for user 4, course 5: 26.666666666667%
Updating enrollment: Array
(
    [user_id] => 4
    [course_id] => 5
    [enrollment_date] => 2025-04-22 03:25:16
    [status] => in-progress
    [progress] => 27
)

Enrollment updated successfully for user_id: 4, course_id: 5
Received data: Array
(
    [user_id] => 4
    [lesson_id] => 5
    [progress] => 100
    [completed] => 1
)

Received data: Array
(
    [user_id] => 4
    [lesson_id] => 5
    [progress] => 100
    [completed] => 1
)

Progress updated successfully for user_id: 4, lesson_id: 5
Progress updated successfully for user_id: 4, lesson_id: 5
Total lessons for course 5: 15
Completed lessons for user 4, course 5: 5
Calculated course progress for user 4, course 5: 33.333333333333%
Updating enrollment: Array
(
    [user_id] => 4
    [course_id] => 5
    [enrollment_date] => 2025-04-22 03:25:16
    [status] => in-progress
    [progress] => 33
)

Enrollment updated successfully for user_id: 4, course_id: 5
Total lessons for course 5: 15
Completed lessons for user 4, course 5: 5
Calculated course progress for user 4, course 5: 33.333333333333%
Updating enrollment: Array
(
    [user_id] => 4
    [course_id] => 5
    [enrollment_date] => 2025-04-22 03:25:51
    [status] => in-progress
    [progress] => 33
)

Enrollment updated successfully for user_id: 4, course_id: 5
Received data: Array
(
    [user_id] => 4
    [lesson_id] => 5
    [progress] => 100
    [completed] => 1
)

Received data: Array
(
    [user_id] => 4
    [lesson_id] => 5
    [progress] => 100
    [completed] => 1
)

Progress updated successfully for user_id: 4, lesson_id: 5
Progress updated successfully for user_id: 4, lesson_id: 5
Total lessons for course 5: 15
Completed lessons for user 4, course 5: 5
Calculated course progress for user 4, course 5: 33.333333333333%
Updating enrollment: Array
(
    [user_id] => 4
    [course_id] => 5
    [enrollment_date] => 2025-04-22 03:25:51
    [status] => in-progress
    [progress] => 33
)

Enrollment updated successfully for user_id: 4, course_id: 5
Received data: Array
(
    [user_id] => 4
    [lesson_id] => 6
    [progress] => 100
    [completed] => 1
)

Received data: Array
(
    [user_id] => 4
    [lesson_id] => 6
    [progress] => 100
    [completed] => 1
)

Progress updated successfully for user_id: 4, lesson_id: 6
Progress updated successfully for user_id: 4, lesson_id: 6
Total lessons for course 5: 15
Completed lessons for user 4, course 5: 6
Calculated course progress for user 4, course 5: 40%
Updating enrollment: Array
(
    [user_id] => 4
    [course_id] => 5
    [enrollment_date] => 2025-04-22 03:25:51
    [status] => in-progress
    [progress] => 40
)

Enrollment updated successfully for user_id: 4, course_id: 5
Total lessons for course 5: 15
Completed lessons for user 4, course 5: 6
Calculated course progress for user 4, course 5: 40%
Updating enrollment: Array
(
    [user_id] => 4
    [course_id] => 5
    [enrollment_date] => 2025-04-22 03:26:03
    [status] => in-progress
    [progress] => 40
)

Enrollment updated successfully for user_id: 4, course_id: 5
Total lessons for course 5: 15
Completed lessons for user 4, course 5: 6
Calculated course progress for user 4, course 5: 40%
Updating enrollment: Array
(
    [user_id] => 4
    [course_id] => 5
    [enrollment_date] => 2025-04-22 03:26:14
    [status] => in-progress
    [progress] => 40
)

Enrollment updated successfully for user_id: 4, course_id: 5
Total lessons for course 5: 15
Completed lessons for user 4, course 5: 6
Calculated course progress for user 4, course 5: 40%
Updating enrollment: Array
(
    [user_id] => 4
    [course_id] => 5
    [enrollment_date] => 2025-04-22 03:29:07
    [status] => in-progress
    [progress] => 40
)

Enrollment updated successfully for user_id: 4, course_id: 5
Total lessons for course 16: 7
Completed lessons for user 4, course 16: 0
Calculated course progress for user 4, course 16: 0%
Updating enrollment: Array
(
    [user_id] => 4
    [course_id] => 16
    [enrollment_date] => 2025-04-22 03:29:18
    [status] => enrolled
    [progress] => 0
)

Enrollment updated successfully for user_id: 4, course_id: 16
Total lessons for course 16: 7
Completed lessons for user 4, course 16: 0
Calculated course progress for user 4, course 16: 0%
Updating enrollment: Array
(
    [user_id] => 4
    [course_id] => 16
    [enrollment_date] => 2025-04-22 03:29:18
    [status] => enrolled
    [progress] => 0
)

Enrollment updated successfully for user_id: 4, course_id: 16
Received data: Array
(
    [user_id] => 4
    [lesson_id] => 16
    [progress] => 100
    [completed] => 1
)

Received data: Array
(
    [user_id] => 4
    [lesson_id] => 16
    [progress] => 100
    [completed] => 1
)

Progress updated successfully for user_id: 4, lesson_id: 16
Progress updated successfully for user_id: 4, lesson_id: 16
Total lessons for course 16: 7
Completed lessons for user 4, course 16: 1
Calculated course progress for user 4, course 16: 14.285714285714%
Updating enrollment: Array
(
    [user_id] => 4
    [course_id] => 16
    [enrollment_date] => 2025-04-22 03:29:18
    [status] => in-progress
    [progress] => 14
)

Enrollment updated successfully for user_id: 4, course_id: 16
Received data: Array
(
    [user_id] => 4
    [lesson_id] => 17
    [progress] => 100
    [completed] => 1
)

Received data: Array
(
    [user_id] => 4
    [lesson_id] => 17
    [progress] => 100
    [completed] => 1
)

Progress updated successfully for user_id: 4, lesson_id: 17
Progress updated successfully for user_id: 4, lesson_id: 17
Total lessons for course 16: 7
Completed lessons for user 4, course 16: 2
Calculated course progress for user 4, course 16: 28.571428571429%
Updating enrollment: Array
(
    [user_id] => 4
    [course_id] => 16
    [enrollment_date] => 2025-04-22 03:29:18
    [status] => in-progress
    [progress] => 29
)

Enrollment updated successfully for user_id: 4, course_id: 16
Received data: Array
(
    [user_id] => 4
    [lesson_id] => 18
    [progress] => 100
    [completed] => 1
)

Received data: Array
(
    [user_id] => 4
    [lesson_id] => 18
    [progress] => 100
    [completed] => 1
)

Progress updated successfully for user_id: 4, lesson_id: 18
Progress updated successfully for user_id: 4, lesson_id: 18
Total lessons for course 16: 7
Completed lessons for user 4, course 16: 3
Calculated course progress for user 4, course 16: 42.857142857143%
Updating enrollment: Array
(
    [user_id] => 4
    [course_id] => 16
    [enrollment_date] => 2025-04-22 03:29:18
    [status] => in-progress
    [progress] => 43
)

Enrollment updated successfully for user_id: 4, course_id: 16
Received data: Array
(
    [user_id] => 4
    [lesson_id] => 19
    [progress] => 100
    [completed] => 1
)

Received data: Array
(
    [user_id] => 4
    [lesson_id] => 19
    [progress] => 100
    [completed] => 1
)

Progress updated successfully for user_id: 4, lesson_id: 19
Progress updated successfully for user_id: 4, lesson_id: 19
Total lessons for course 16: 7
Completed lessons for user 4, course 16: 4
Calculated course progress for user 4, course 16: 57.142857142857%
Updating enrollment: Array
(
    [user_id] => 4
    [course_id] => 16
    [enrollment_date] => 2025-04-22 03:29:18
    [status] => in-progress
    [progress] => 57
)

Enrollment updated successfully for user_id: 4, course_id: 16
Received data: Array
(
    [user_id] => 4
    [lesson_id] => 20
    [progress] => 100
    [completed] => 1
)

Received data: Array
(
    [user_id] => 4
    [lesson_id] => 20
    [progress] => 100
    [completed] => 1
)

Progress updated successfully for user_id: 4, lesson_id: 20
Progress updated successfully for user_id: 4, lesson_id: 20
Total lessons for course 16: 7
Completed lessons for user 4, course 16: 5
Calculated course progress for user 4, course 16: 71.428571428571%
Updating enrollment: Array
(
    [user_id] => 4
    [course_id] => 16
    [enrollment_date] => 2025-04-22 03:29:18
    [status] => in-progress
    [progress] => 71
)

Enrollment updated successfully for user_id: 4, course_id: 16
Received data: Array
(
    [user_id] => 4
    [lesson_id] => 21
    [progress] => 100
    [completed] => 1
)

Received data: Array
(
    [user_id] => 4
    [lesson_id] => 21
    [progress] => 100
    [completed] => 1
)

Progress updated successfully for user_id: 4, lesson_id: 21
Progress updated successfully for user_id: 4, lesson_id: 21
Total lessons for course 16: 7
Completed lessons for user 4, course 16: 6
Calculated course progress for user 4, course 16: 85.714285714286%
Updating enrollment: Array
(
    [user_id] => 4
    [course_id] => 16
    [enrollment_date] => 2025-04-22 03:29:18
    [status] => in-progress
    [progress] => 86
)

Enrollment updated successfully for user_id: 4, course_id: 16
Total lessons for course 16: 7
Completed lessons for user 4, course 16: 6
Calculated course progress for user 4, course 16: 85.714285714286%
Updating enrollment: Array
(
    [user_id] => 4
    [course_id] => 16
    [enrollment_date] => 2025-04-22 03:29:54
    [status] => in-progress
    [progress] => 86
)

Enrollment updated successfully for user_id: 4, course_id: 16
Received data: Array
(
    [user_id] => 4
    [lesson_id] => 22
    [progress] => 100
    [completed] => 1
)

Received data: Array
(
    [user_id] => 4
    [lesson_id] => 22
    [progress] => 100
    [completed] => 1
)

Progress updated successfully for user_id: 4, lesson_id: 22
Progress updated successfully for user_id: 4, lesson_id: 22
Total lessons for course 16: 7
Completed lessons for user 4, course 16: 7
Calculated course progress for user 4, course 16: 100%
Updating enrollment: Array
(
    [user_id] => 4
    [course_id] => 16
    [enrollment_date] => 2025-04-22 03:29:54
    [status] => completed
    [progress] => 100
)

Enrollment updated successfully for user_id: 4, course_id: 16
Email sent to ntdad2005@gmail.com with certificate CERT-U4-C16-20250422
Total lessons for course 16: 7
Completed lessons for user 4, course 16: 7
Calculated course progress for user 4, course 16: 100%
Updating enrollment: Array
(
    [user_id] => 4
    [course_id] => 16
    [enrollment_date] => 2025-04-22 03:30:33
    [status] => completed
    [progress] => 100
)

Enrollment updated successfully for user_id: 4, course_id: 16
Total lessons for course 5: 15
Completed lessons for user 4, course 5: 6
Calculated course progress for user 4, course 5: 40%
Updating enrollment: Array
(
    [user_id] => 4
    [course_id] => 5
    [enrollment_date] => 2025-04-22 03:31:08
    [status] => in-progress
    [progress] => 40
)

Enrollment updated successfully for user_id: 4, course_id: 5
Total lessons for course 5: 15
Completed lessons for user 4, course 5: 6
Calculated course progress for user 4, course 5: 40%
Updating enrollment: Array
(
    [user_id] => 4
    [course_id] => 5
    [enrollment_date] => 2025-04-22 03:31:57
    [status] => in-progress
    [progress] => 40
)

Enrollment updated successfully for user_id: 4, course_id: 5
Total lessons for course 16: 7
Completed lessons for user 4, course 16: 7
Calculated course progress for user 4, course 16: 100%
Updating enrollment: Array
(
    [user_id] => 4
    [course_id] => 16
    [enrollment_date] => 2025-04-22 03:38:10
    [status] => completed
    [progress] => 100
)

Enrollment updated successfully for user_id: 4, course_id: 16
Received data: Array
(
    [user_id] => 4
    [lesson_id] => 16
    [progress] => 100
    [completed] => 1
)

Received data: Array
(
    [user_id] => 4
    [lesson_id] => 16
    [progress] => 100
    [completed] => 1
)

Progress updated successfully for user_id: 4, lesson_id: 16
Progress updated successfully for user_id: 4, lesson_id: 16
Total lessons for course 16: 7
Completed lessons for user 4, course 16: 7
Calculated course progress for user 4, course 16: 100%
Updating enrollment: Array
(
    [user_id] => 4
    [course_id] => 16
    [enrollment_date] => 2025-04-22 03:38:10
    [status] => completed
    [progress] => 100
)

Enrollment updated successfully for user_id: 4, course_id: 16
Total lessons for course 5: 15
Completed lessons for user 4, course 5: 6
Calculated course progress for user 4, course 5: 40%
Updating enrollment: Array
(
    [user_id] => 4
    [course_id] => 5
    [enrollment_date] => 2025-04-22 03:38:48
    [status] => in-progress
    [progress] => 40
)

Enrollment updated successfully for user_id: 4, course_id: 5
Total lessons for course 5: 15
Completed lessons for user 4, course 5: 6
Calculated course progress for user 4, course 5: 40%
Updating enrollment: Array
(
    [user_id] => 4
    [course_id] => 5
    [enrollment_date] => 2025-04-22 03:38:56
    [status] => in-progress
    [progress] => 40
)

Enrollment updated successfully for user_id: 4, course_id: 5
Total lessons for course 5: 15
Completed lessons for user 2, course 5: 12
Calculated course progress for user 2, course 5: 80%
Updating enrollment: Array
(
    [user_id] => 2
    [course_id] => 5
    [enrollment_date] => 2025-04-22 03:40:16
    [status] => in-progress
    [progress] => 80
)

Enrollment updated successfully for user_id: 2, course_id: 5
Total lessons for course 5: 15
Completed lessons for user 2, course 5: 12
Calculated course progress for user 2, course 5: 80%
Updating enrollment: Array
(
    [user_id] => 2
    [course_id] => 5
    [enrollment_date] => 2025-04-22 03:48:04
    [status] => in-progress
    [progress] => 80
)

Enrollment updated successfully for user_id: 2, course_id: 5
Total lessons for course 16: 7
Completed lessons for user 4, course 16: 7
Calculated course progress for user 4, course 16: 100%
Updating enrollment: Array
(
    [user_id] => 4
    [course_id] => 16
    [enrollment_date] => 2025-04-22 03:54:23
    [status] => completed
    [progress] => 100
)

Enrollment updated successfully for user_id: 4, course_id: 16
Total lessons for course 16: 7
Completed lessons for user 4, course 16: 7
Calculated course progress for user 4, course 16: 100%
Updating enrollment: Array
(
    [user_id] => 4
    [course_id] => 16
    [enrollment_date] => 2025-04-22 03:58:06
    [status] => completed
    [progress] => 100
)

Enrollment updated successfully for user_id: 4, course_id: 16
Total lessons for course 20: 1
Completed lessons for user 4, course 20: 0
Calculated course progress for user 4, course 20: 0%
Updating enrollment: Array
(
    [user_id] => 4
    [course_id] => 20
    [enrollment_date] => 2025-04-22 03:58:15
    [status] => enrolled
    [progress] => 0
)

Enrollment updated successfully for user_id: 4, course_id: 20
Total lessons for course 20: 1
Completed lessons for user 4, course 20: 0
Calculated course progress for user 4, course 20: 0%
Updating enrollment: Array
(
    [user_id] => 4
    [course_id] => 20
    [enrollment_date] => 2025-04-22 03:58:17
    [status] => enrolled
    [progress] => 0
)

Enrollment updated successfully for user_id: 4, course_id: 20
Total lessons for course 16: 7
Completed lessons for user 4, course 16: 7
Calculated course progress for user 4, course 16: 100%
Updating enrollment: Array
(
    [user_id] => 4
    [course_id] => 16
    [enrollment_date] => 2025-04-22 04:03:02
    [status] => completed
    [progress] => 100
)

Enrollment updated successfully for user_id: 4, course_id: 16
Total lessons for course 16: 7
Completed lessons for user 4, course 16: 7
Calculated course progress for user 4, course 16: 100%
Updating enrollment: Array
(
    [user_id] => 4
    [course_id] => 16
    [enrollment_date] => 2025-04-22 04:50:16
    [status] => completed
    [progress] => 100
)

Enrollment updated successfully for user_id: 4, course_id: 16
Total lessons for course 5: 15
Completed lessons for user 4, course 5: 6
Calculated course progress for user 4, course 5: 40%
Updating enrollment: Array
(
    [user_id] => 4
    [course_id] => 5
    [enrollment_date] => 2025-04-22 04:51:58
    [status] => enrolled
    [progress] => 40
)

Enrollment updated successfully for user_id: 4, course_id: 5
Total lessons for course 5: 15
Completed lessons for user 4, course 5: 6
Calculated course progress for user 4, course 5: 40%
Updating enrollment: Array
(
    [user_id] => 4
    [course_id] => 5
    [enrollment_date] => 2025-04-22 04:51:58
    [status] => in-progress
    [progress] => 40
)

Enrollment updated successfully for user_id: 4, course_id: 5
Total lessons for course 5: 15
Completed lessons for user 4, course 5: 6
Calculated course progress for user 4, course 5: 40%
Updating enrollment: Array
(
    [user_id] => 4
    [course_id] => 5
    [enrollment_date] => 2025-04-22 04:52:15
    [status] => in-progress
    [progress] => 40
)

Enrollment updated successfully for user_id: 4, course_id: 5
Received data: Array
(
    [user_id] => 4
    [lesson_id] => 6
    [progress] => 100
    [completed] => 1
)

Received data: Array
(
    [user_id] => 4
    [lesson_id] => 6
    [progress] => 100
    [completed] => 1
)

Progress updated successfully for user_id: 4, lesson_id: 6
Progress updated successfully for user_id: 4, lesson_id: 6
Total lessons for course 5: 15
Completed lessons for user 4, course 5: 6
Calculated course progress for user 4, course 5: 40%
Updating enrollment: Array
(
    [user_id] => 4
    [course_id] => 5
    [enrollment_date] => 2025-04-22 04:52:15
    [status] => in-progress
    [progress] => 40
)

Enrollment updated successfully for user_id: 4, course_id: 5
Received data: Array
(
    [user_id] => 4
    [lesson_id] => 7
    [progress] => 57.523017383784
    [completed] => 
)

Received data: Array
(
    [user_id] => 4
    [lesson_id] => 7
    [progress] => 57.523017383784
    [completed] => 
)

Progress updated successfully for user_id: 4, lesson_id: 7
Progress updated successfully for user_id: 4, lesson_id: 7
Received data: Array
(
    [user_id] => 4
    [lesson_id] => 7
    [progress] => 98.714310595946
    [completed] => 1
)

Received data: Array
(
    [user_id] => 4
    [lesson_id] => 7
    [progress] => 98.714310595946
    [completed] => 1
)

Progress updated successfully for user_id: 4, lesson_id: 7
Progress updated successfully for user_id: 4, lesson_id: 7
Total lessons for course 5: 15
Completed lessons for user 4, course 5: 7
Calculated course progress for user 4, course 5: 46.666666666667%
Updating enrollment: Array
(
    [user_id] => 4
    [course_id] => 5
    [enrollment_date] => 2025-04-22 04:52:15
    [status] => in-progress
    [progress] => 47
)

Enrollment updated successfully for user_id: 4, course_id: 5
Received data: Array
(
    [user_id] => 4
    [lesson_id] => 8
    [progress] => 0
    [completed] => 
)

Received data: Array
(
    [user_id] => 4
    [lesson_id] => 8
    [progress] => 0
    [completed] => 
)

Progress updated successfully for user_id: 4, lesson_id: 8
Progress updated successfully for user_id: 4, lesson_id: 8
Total lessons for course 5: 15
Completed lessons for user 4, course 5: 7
Calculated course progress for user 4, course 5: 46.666666666667%
Updating enrollment: Array
(
    [user_id] => 4
    [course_id] => 5
    [enrollment_date] => 2025-04-22 04:53:51
    [status] => in-progress
    [progress] => 47
)

Enrollment updated successfully for user_id: 4, course_id: 5
Total lessons for course 16: 7
Completed lessons for user 4, course 16: 7
Calculated course progress for user 4, course 16: 100%
Updating enrollment: Array
(
    [user_id] => 4
    [course_id] => 16
    [enrollment_date] => 2025-04-22 04:54:54
    [status] => completed
    [progress] => 100
)

Enrollment updated successfully for user_id: 4, course_id: 16
